// Jest Snapshot v1, https://goo.gl/fbAQLP

exports[`Component is created 1`] = `
<div
  aria-live="polite"
  className={undefined}
  style={
    Object {
      "border": "0",
      "clip": "rect(0px, 0px, 0px, 0px)",
      "clipPath": "polygon(0px 0px, 0px 0px, 0px 0px, 0px 0px)",
      "display": "block",
      "height": "1px",
      "margin": "-1px",
      "overflow": "hidden",
      "padding": "0",
      "position": "absolute",
      "visibility": "visible",
      "whiteSpace": "nowrap",
      "width": "1px",
    }
  }
>
  <p>
    This is an announcement!
  </p>
</div>
`;
