// Jest Snapshot v1, https://goo.gl/fbAQLP

exports[`Component is created 1`] = `"<div aria-atomic=\\"true\\" aria-live=\\"polite\\" style=\\"position: absolute; visibility: visible; overflow: hidden; display: block; width: 1px; height: 1px; margin: -1px; border: 0px; padding: 0px; clip: rect(0px, 0px, 0px, 0px); clip-path: polygon(0px 0px, 0px 0px, 0px 0px, 0px 0px); white-space: nowrap;\\" class=\\"\\"></div>"`;
